=======================================================
python : Traceback (mos
t recent call last):
所在位置 行:1 字符: 1
+ python test_rate_limi
t.py > test_output.txt 
2>&1; Get-Content test_
ou ...
+ ~~~~~~~~~~~~~~~~~~~~~
~~~~~~~~~~~~~~~~~~~~~~~
~~~~
    + CategoryInfo     
         : NotSpecifi  
  ed: (Traceback (mo   
 st recent call las    
t)::String) [], Re    m
oteException
    + FullyQualifiedEr 
   rorId : NativeComm  
  andError
 
  File "E:\反重力\开源项目\ast
rbot_plugin_rate_limit\
test_rate_limit.py", li
ne 325, in <module>
    print("\U0001f9ea A
strBot Rate Limit Plugi
n - 单元测试 v1.2")
    ~~~~~^^^^^^^^^^^^^^
^^^^^^^^^^^^^^^^^^^^^^^
^^^^^^^^^^^
UnicodeEncodeError: 'gb
k' codec can't encode c
haracter '\U0001f9ea' i
n position 0: illegal m
ultibyte sequence
